// Jest Snapshot v1, https://goo.gl/fbAQLP

exports[`<BookmarkList> accepts empty bookmarks 1`] = `
<div
  className=""
>
  <TransitionGroup
    childFactory={[Function]}
    className="list"
    component="ul"
  />
</div>
`;
